Diff{defaultErrno:<nil>->13 arch:-SCMP_ARCH_AARCH64,-SCMP_ARCH_ARM,+SCMP_ARCH_S390X flags:-SECCOMP_FILTER_FLAG_SPEC_ALLOW listener:/run/seccomp/notify.sock->/run/seccomp/other.sock listenerMeta:baseline-v1->artifact-v2 -close->SCMP_ACT_ALLOW -open->SCMP_ACT_ALLOW -ptrace->SCMP_ACT_LOG +fstat->SCMP_ACT_ALLOW +kill->SCMP_ACT_KILL_PROCESS ~clone:SCMP_ACT_ERRNO(errno:38)->SCMP_ACT_ERRNO ~openat:SCMP_ACT_ALLOW->SCMP_ACT_LOG}
