Profile{default:SCMP_ACT_ERRNO defaultErrno:1 arch:SCMP_ARCH_X86_64,SCMP_ARCH_AARCH64,SCMP_ARCH_ARM flags:SECCOMP_FILTER_FLAG_LOG,SECCOMP_FILTER_FLAG_SPEC_ALLOW listener:/run/seccomp/notify.sock listenerMeta:baseline-v1 read,write,close->SCMP_ACT_ALLOW openat,open->SCMP_ACT_ALLOW socket([0]SCMP_CMP_EQ:1,[1]SCMP_CMP_EQ:2,[2]SCMP_CMP_MASKED_EQ:0:6)->SCMP_ACT_ALLOW clone->SCMP_ACT_ERRNO(errno:38) ptrace->SCMP_ACT_LOG}
